2026-05-13 10:13:14,363 [INFO] 
2026-05-13 10:13:14,364 [INFO] Please check the above information for the configurations
2026-05-13 10:13:14,431 [WARNING] Parse Model, args: nearest, keep str type
2026-05-13 10:13:14,441 [WARNING] Parse Model, args: nearest, keep str type
2026-05-13 10:13:14,477 [INFO] number of network params, total: 1.78699M, trainable: 1.777447M
2026-05-13 10:13:14,607 [WARNING] Parse Model, args: nearest, keep str type
2026-05-13 10:13:14,617 [WARNING] Parse Model, args: nearest, keep str type
2026-05-13 10:13:14,652 [INFO] number of network params, total: 1.78699M, trainable: 1.777447M
2026-05-13 10:13:15,018 [INFO] ema_weight not exist, default pretrain weight is currently used.
2026-05-13 10:13:15,030 [INFO] Dataset Cache file hash/version check success.
2026-05-13 10:13:15,031 [INFO] Load dataset cache from [../dataset/number_fullscreen_dataset/train.cache.npy] success.
2026-05-13 10:13:15,040 [INFO] Dataloader num parallel workers: [1]
2026-05-13 10:13:15,050 [INFO] total batch size: 2, accumulate: 1, nbs: 64, weight_decay scaled to 1.5625e-05
2026-05-13 10:13:15,081 [INFO] 
2026-05-13 10:13:15,083 [INFO] got 1 active callback as follows:
2026-05-13 10:13:15,083 [INFO] SummaryCallback()
2026-05-13 10:13:15,083 [WARNING] The first epoch will be compiled for the graph, which may take a long time; You can come back later :).
2026-05-13 10:14:21,674 [INFO] Epoch 1/5, Step 100/589, imgsize (640, 640), loss: nan, lbox: nan, lobj: nan, lcls: nan, cur_lr: 0.09490662068128586
2026-05-13 10:14:21,675 [INFO] Epoch 1/5, Step 100/589, step time: 665.92 ms
2026-05-13 10:15:20,349 [INFO] Epoch 1/5, Step 200/589, imgsize (640, 640), loss: nan, lbox: nan, lobj: nan, lcls: nan, cur_lr: 0.0898132398724556
2026-05-13 10:15:20,349 [INFO] Epoch 1/5, Step 200/589, step time: 586.75 ms
2026-05-13 10:16:20,243 [INFO] Epoch 1/5, Step 300/589, imgsize (640, 640), loss: nan, lbox: nan, lobj: nan, lcls: nan, cur_lr: 0.08471986651420593
2026-05-13 10:16:20,244 [INFO] Epoch 1/5, Step 300/589, step time: 598.94 ms
2026-05-13 10:17:20,555 [INFO] Epoch 1/5, Step 400/589, imgsize (640, 640), loss: nan, lbox: nan, lobj: nan, lcls: nan, cur_lr: 0.07962648570537567
2026-05-13 10:17:20,556 [INFO] Epoch 1/5, Step 400/589, step time: 603.12 ms
2026-05-13 10:18:22,034 [INFO] Epoch 1/5, Step 500/589, imgsize (640, 640), loss: nan, lbox: nan, lobj: nan, lcls: nan, cur_lr: 0.07453310489654541
2026-05-13 10:18:22,034 [INFO] Epoch 1/5, Step 500/589, step time: 614.78 ms
2026-05-13 10:19:19,054 [INFO] Saving model to /Users/miaofangze/code/yolo算子开发/mindyolo-train-master/runs_train/2026.05.13-10.13.14/weights/yolov5n_number-1_589.ckpt
2026-05-13 10:19:19,054 [INFO] Epoch 1/5, epoch time: 6.07 min.
2026-05-13 10:20:23,810 [INFO] Epoch 2/5, Step 100/589, imgsize (640, 640), loss: nan, lbox: nan, lobj: nan, lcls: nan, cur_lr: 0.06413456797599792
2026-05-13 10:20:23,811 [INFO] Epoch 2/5, Step 100/589, step time: 647.57 ms
2026-05-13 10:21:27,699 [INFO] Epoch 2/5, Step 200/589, imgsize (640, 640), loss: nan, lbox: nan, lobj: nan, lcls: nan, cur_lr: 0.05892913416028023
2026-05-13 10:21:27,700 [INFO] Epoch 2/5, Step 200/589, step time: 638.89 ms
2026-05-13 10:22:32,520 [INFO] Epoch 2/5, Step 300/589, imgsize (640, 640), loss: nan, lbox: nan, lobj: nan, lcls: nan, cur_lr: 0.05372370034456253
2026-05-13 10:22:32,520 [INFO] Epoch 2/5, Step 300/589, step time: 648.20 ms
2026-05-13 10:23:38,849 [INFO] Epoch 2/5, Step 400/589, imgsize (640, 640), loss: nan, lbox: nan, lobj: nan, lcls: nan, cur_lr: 0.04851826652884483
2026-05-13 10:23:38,850 [INFO] Epoch 2/5, Step 400/589, step time: 663.30 ms
2026-05-13 10:24:43,055 [INFO] Epoch 2/5, Step 500/589, imgsize (640, 640), loss: nan, lbox: nan, lobj: nan, lcls: nan, cur_lr: 0.043312836438417435
2026-05-13 10:24:43,055 [INFO] Epoch 2/5, Step 500/589, step time: 642.05 ms
2026-05-13 10:25:39,957 [INFO] Saving model to /Users/miaofangze/code/yolo算子开发/mindyolo-train-master/runs_train/2026.05.13-10.13.14/weights/yolov5n_number-2_589.ckpt
2026-05-13 10:25:39,957 [INFO] Epoch 2/5, epoch time: 6.35 min.
2026-05-13 10:26:43,997 [INFO] Epoch 3/5, Step 100/589, imgsize (640, 640), loss: nan, lbox: nan, lobj: nan, lcls: nan, cur_lr: 0.03204251453280449
2026-05-13 10:26:43,998 [INFO] Epoch 3/5, Step 100/589, step time: 640.40 ms
2026-05-13 10:27:48,431 [INFO] Epoch 3/5, Step 200/589, imgsize (640, 640), loss: nan, lbox: nan, lobj: nan, lcls: nan, cur_lr: 0.026725025847554207
2026-05-13 10:27:48,432 [INFO] Epoch 3/5, Step 200/589, step time: 644.34 ms
2026-05-13 10:28:52,495 [INFO] Epoch 3/5, Step 300/589, imgsize (640, 640), loss: nan, lbox: nan, lobj: nan, lcls: nan, cur_lr: 0.021407539024949074
2026-05-13 10:28:52,496 [INFO] Epoch 3/5, Step 300/589, step time: 640.64 ms
2026-05-13 10:29:56,388 [INFO] Epoch 3/5, Step 400/589, imgsize (640, 640), loss: nan, lbox: nan, lobj: nan, lcls: nan, cur_lr: 0.01609005033969879
2026-05-13 10:29:56,388 [INFO] Epoch 3/5, Step 400/589, step time: 638.92 ms
2026-05-13 10:31:02,284 [INFO] Epoch 3/5, Step 500/589, imgsize (640, 640), loss: nan, lbox: nan, lobj: nan, lcls: nan, cur_lr: 0.010772563517093658
2026-05-13 10:31:02,285 [INFO] Epoch 3/5, Step 500/589, step time: 658.96 ms
2026-05-13 10:32:01,874 [INFO] Saving model to /Users/miaofangze/code/yolo算子开发/mindyolo-train-master/runs_train/2026.05.13-10.13.14/weights/yolov5n_number-3_589.ckpt
2026-05-13 10:32:01,874 [INFO] Epoch 3/5, epoch time: 6.37 min.
2026-05-13 10:33:10,987 [INFO] Epoch 4/5, Step 100/589, imgsize (640, 640), loss: nan, lbox: nan, lobj: nan, lcls: nan, cur_lr: 0.00406000018119812
2026-05-13 10:33:10,988 [INFO] Epoch 4/5, Step 100/589, step time: 691.14 ms
2026-05-13 10:34:15,318 [INFO] Epoch 4/5, Step 200/589, imgsize (640, 640), loss: nan, lbox: nan, lobj: nan, lcls: nan, cur_lr: 0.00406000018119812
2026-05-13 10:34:15,319 [INFO] Epoch 4/5, Step 200/589, step time: 643.31 ms
2026-05-13 10:35:20,936 [INFO] Epoch 4/5, Step 300/589, imgsize (640, 640), loss: nan, lbox: nan, lobj: nan, lcls: nan, cur_lr: 0.00406000018119812
2026-05-13 10:35:20,937 [INFO] Epoch 4/5, Step 300/589, step time: 656.18 ms
2026-05-13 10:36:28,724 [INFO] Epoch 4/5, Step 400/589, imgsize (640, 640), loss: nan, lbox: nan, lobj: nan, lcls: nan, cur_lr: 0.00406000018119812
2026-05-13 10:36:28,724 [INFO] Epoch 4/5, Step 400/589, step time: 677.87 ms
2026-05-13 10:37:37,699 [INFO] Epoch 4/5, Step 500/589, imgsize (640, 640), loss: nan, lbox: nan, lobj: nan, lcls: nan, cur_lr: 0.00406000018119812
2026-05-13 10:37:37,700 [INFO] Epoch 4/5, Step 500/589, step time: 689.75 ms
2026-05-13 10:38:38,921 [INFO] Saving model to /Users/miaofangze/code/yolo算子开发/mindyolo-train-master/runs_train/2026.05.13-10.13.14/weights/yolov5n_number-4_589.ckpt
2026-05-13 10:38:38,921 [INFO] Epoch 4/5, epoch time: 6.62 min.
2026-05-13 10:39:46,440 [INFO] Epoch 5/5, Step 100/589, imgsize (640, 640), loss: nan, lbox: nan, lobj: nan, lcls: nan, cur_lr: 0.0020800000056624413
2026-05-13 10:39:46,440 [INFO] Epoch 5/5, Step 100/589, step time: 675.19 ms
2026-05-13 10:40:53,635 [INFO] Epoch 5/5, Step 200/589, imgsize (640, 640), loss: nan, lbox: nan, lobj: nan, lcls: nan, cur_lr: 0.0020800000056624413
2026-05-13 10:40:53,636 [INFO] Epoch 5/5, Step 200/589, step time: 671.96 ms
2026-05-13 10:42:02,218 [INFO] Epoch 5/5, Step 300/589, imgsize (640, 640), loss: nan, lbox: nan, lobj: nan, lcls: nan, cur_lr: 0.0020800000056624413
2026-05-13 10:42:02,218 [INFO] Epoch 5/5, Step 300/589, step time: 685.82 ms
2026-05-13 10:43:09,615 [INFO] Epoch 5/5, Step 400/589, imgsize (640, 640), loss: nan, lbox: nan, lobj: nan, lcls: nan, cur_lr: 0.0020800000056624413
2026-05-13 10:43:09,616 [INFO] Epoch 5/5, Step 400/589, step time: 673.97 ms
2026-05-13 10:44:16,595 [INFO] Epoch 5/5, Step 500/589, imgsize (640, 640), loss: nan, lbox: nan, lobj: nan, lcls: nan, cur_lr: 0.0020800000056624413
2026-05-13 10:44:16,596 [INFO] Epoch 5/5, Step 500/589, step time: 669.80 ms
2026-05-13 10:45:17,418 [INFO] Saving model to /Users/miaofangze/code/yolo算子开发/mindyolo-train-master/runs_train/2026.05.13-10.13.14/weights/yolov5n_number-5_589.ckpt
2026-05-13 10:45:17,418 [INFO] Epoch 5/5, epoch time: 6.64 min.
2026-05-13 10:45:17,433 [INFO] End Train.
2026-05-13 10:45:17,434 [INFO] Training completed.
