2026-05-13 09:53:08,362 [INFO] 
2026-05-13 09:53:08,363 [INFO] Please check the above information for the configurations
2026-05-13 09:53:08,536 [WARNING] Parse Model, args: nearest, keep str type
2026-05-13 09:53:08,555 [WARNING] Parse Model, args: nearest, keep str type
2026-05-13 09:53:08,715 [INFO] number of network params, total: 8.116399M, trainable: 8.074076M
2026-05-13 09:53:09,101 [WARNING] Parse Model, args: nearest, keep str type
2026-05-13 09:53:09,121 [WARNING] Parse Model, args: nearest, keep str type
2026-05-13 09:53:09,281 [INFO] number of network params, total: 8.116399M, trainable: 8.074076M
2026-05-13 09:53:10,047 [INFO] ema_weight not exist, default pretrain weight is currently used.
2026-05-13 09:53:10,062 [INFO] Dataset Cache file hash/version check success.
2026-05-13 09:53:10,062 [INFO] Load dataset cache from [../dataset/number_fullscreen_dataset/train.cache.npy] success.
2026-05-13 09:53:10,071 [INFO] Dataloader num parallel workers: [8]
2026-05-13 09:53:10,085 [INFO] Dataset Cache file hash/version check success.
2026-05-13 09:53:10,085 [INFO] Load dataset cache from [../dataset/number_fullscreen_dataset/train.cache.npy] success.
2026-05-13 09:53:10,089 [INFO] Dataloader num parallel workers: [8]
2026-05-13 09:53:10,102 [INFO] total batch size: 8, accumulate: 1, nbs: 64, weight_decay scaled to 6.25e-05
2026-05-13 09:53:10,208 [INFO] 
2026-05-13 09:53:10,211 [INFO] got 1 active callback as follows:
2026-05-13 09:53:10,211 [INFO] SummaryCallback()
2026-05-13 09:53:10,211 [WARNING] The first epoch will be compiled for the graph, which may take a long time; You can come back later :).
